### getting bias from Smart-Seq3 experiment ###
/home/bioit/mhecke/anaconda3/envs/smartSim/lib/R/library/smartSim/scripts/characterizeData.py --bamDir /home/bioit/mhecke/anaconda3/envs/smartSim/lib/R/library/smartSim/extdata/aligned --numReads 10000 --gtf example_data_out/chr1.gtf --fasta example_data_out/chr1.fa --out example_data_out/dataChar --nCPU 4 --seed 1234 --stage geneFilt --phred 33
###############################################
getting standard genes
getting non-overlapping genes
Total number of genes:  5416
Number of genes that are completely contained within another gene:  686
Number of genes that were removed because they still show overlap with another gene:  91
In total, we removed  777 genes
getting non-overlapping genes
1088  out of  4639  genes show overlap with a gene on the complementary strand
getting genes with only 1 transcript
Number of non-overlapping genes with only 1 transcript:  2132
getting GC content of genes
reading bam files
reading bam file: /home/bioit/mhecke/anaconda3/envs/smartSim/lib/R/library/smartSim/extdata/aligned/TCCTTGCTGAACCTGT.bam
reading bam file: /home/bioit/mhecke/anaconda3/envs/smartSim/lib/R/library/smartSim/extdata/aligned/GGAGAGTTGAACCTGT.bam
reading bam file: /home/bioit/mhecke/anaconda3/envs/smartSim/lib/R/library/smartSim/extdata/aligned/TCCAAGTCGAACCTGT.bam
reading bam file: /home/bioit/mhecke/anaconda3/envs/smartSim/lib/R/library/smartSim/extdata/aligned/TACCGATGCAATGGAC.bam
reading bam file: /home/bioit/mhecke/anaconda3/envs/smartSim/lib/R/library/smartSim/extdata/aligned/AAGCCGTTGGCGTTAA.bam
reading bam file: /home/bioit/mhecke/anaconda3/envs/smartSim/lib/R/library/smartSim/extdata/aligned/CAACCTCACGATACTG.bam
reading bam file: /home/bioit/mhecke/anaconda3/envs/smartSim/lib/R/library/smartSim/extdata/aligned/TCCAAGTCCCACATAG.bam
reading bam file: /home/bioit/mhecke/anaconda3/envs/smartSim/lib/R/library/smartSim/extdata/aligned/GGAGAGTTCCACATAG.bam
reading bam file: /home/bioit/mhecke/anaconda3/envs/smartSim/lib/R/library/smartSim/extdata/aligned/GGAGAGTTCCAATCCT.bam
reading bam file: /home/bioit/mhecke/anaconda3/envs/smartSim/lib/R/library/smartSim/extdata/aligned/GGTCTCAACGAATTGG.bam
reading bam file: /home/bioit/mhecke/anaconda3/envs/smartSim/lib/R/library/smartSim/extdata/aligned/GGAGAGTTCAAGAGGT.bam
reading bam file: /home/bioit/mhecke/anaconda3/envs/smartSim/lib/R/library/smartSim/extdata/aligned/TCCAAGTCGGCCTATA.bam
reading bam file: /home/bioit/mhecke/anaconda3/envs/smartSim/lib/R/library/smartSim/extdata/aligned/AAGCCGTTCCACATAG.bam
reading bam file: /home/bioit/mhecke/anaconda3/envs/smartSim/lib/R/library/smartSim/extdata/aligned/TCCAAGTCGGCGTTAA.bam
reading bam file: /home/bioit/mhecke/anaconda3/envs/smartSim/lib/R/library/smartSim/extdata/aligned/TCCAAGTCCAAGAGGT.bam
reading bam file: /home/bioit/mhecke/anaconda3/envs/smartSim/lib/R/library/smartSim/extdata/aligned/GGTCTCAACAGATTCG.bam
reading bam file: /home/bioit/mhecke/anaconda3/envs/smartSim/lib/R/library/smartSim/extdata/aligned/TCCTTGCTGGAGTAAC.bam
reading bam file: /home/bioit/mhecke/anaconda3/envs/smartSim/lib/R/library/smartSim/extdata/aligned/TCCAAGTCGAGAAGGA.bam
reading bam file: /home/bioit/mhecke/anaconda3/envs/smartSim/lib/R/library/smartSim/extdata/aligned/GGAGAGTTCAGATTCG.bam
reading bam file: /home/bioit/mhecke/anaconda3/envs/smartSim/lib/R/library/smartSim/extdata/aligned/GCATGTCTCAATGGAC.bam
reading bam file: /home/bioit/mhecke/anaconda3/envs/smartSim/lib/R/library/smartSim/extdata/aligned/TCCAAGTCCAGATTCG.bam
reading bam file: /home/bioit/mhecke/anaconda3/envs/smartSim/lib/R/library/smartSim/extdata/aligned/TCCTTGCTGAGAAGGA.bam
reading bam file: /home/bioit/mhecke/anaconda3/envs/smartSim/lib/R/library/smartSim/extdata/aligned/TGACCAAGCCAATCCT.bam
reading bam file: /home/bioit/mhecke/anaconda3/envs/smartSim/lib/R/library/smartSim/extdata/aligned/CAACCTCAGGCGTTAA.bam
reading bam file: /home/bioit/mhecke/anaconda3/envs/smartSim/lib/R/library/smartSim/extdata/aligned/TACCGATGCGGTTGTT.bam
reading bam file: /home/bioit/mhecke/anaconda3/envs/smartSim/lib/R/library/smartSim/extdata/aligned/AAGCCGTTCAATGGAC.bam
reading bam file: /home/bioit/mhecke/anaconda3/envs/smartSim/lib/R/library/smartSim/extdata/aligned/CAACCTCAGGCCTATA.bam
reading bam file: /home/bioit/mhecke/anaconda3/envs/smartSim/lib/R/library/smartSim/extdata/aligned/AAGAGACGGGCGTTAA.bam
reading bam file: /home/bioit/mhecke/anaconda3/envs/smartSim/lib/R/library/smartSim/extdata/aligned/CTCAACAGCCACATAG.bam
reading bam file: /home/bioit/mhecke/anaconda3/envs/smartSim/lib/R/library/smartSim/extdata/aligned/TGACCAAGCATGCTTC.bam
reading bam file: /home/bioit/mhecke/anaconda3/envs/smartSim/lib/R/library/smartSim/extdata/aligned/TTGGAACCCCAATCCT.bam
reading bam file: /home/bioit/mhecke/anaconda3/envs/smartSim/lib/R/library/smartSim/extdata/aligned/AAGAGACGGAGAAGGA.bam
reading bam file: /home/bioit/mhecke/anaconda3/envs/smartSim/lib/R/library/smartSim/extdata/aligned/GCATGTCTCCACATAG.bam
reading bam file: /home/bioit/mhecke/anaconda3/envs/smartSim/lib/R/library/smartSim/extdata/aligned/GCATGTCTCCAATCCT.bam
reading bam file: /home/bioit/mhecke/anaconda3/envs/smartSim/lib/R/library/smartSim/extdata/aligned/GCATGTCTGGCGTTAA.bam
reading bam file: /home/bioit/mhecke/anaconda3/envs/smartSim/lib/R/library/smartSim/extdata/aligned/TGACCAAGGAGAAGGA.bam
reading bam file: /home/bioit/mhecke/anaconda3/envs/smartSim/lib/R/library/smartSim/extdata/aligned/GCATGTCTGGCCTATA.bam
reading bam file: /home/bioit/mhecke/anaconda3/envs/smartSim/lib/R/library/smartSim/extdata/aligned/AAGAGACGGAACCTGT.bam
reading bam file: /home/bioit/mhecke/anaconda3/envs/smartSim/lib/R/library/smartSim/extdata/aligned/TACCGATGCCACATAG.bam
reading bam file: /home/bioit/mhecke/anaconda3/envs/smartSim/lib/R/library/smartSim/extdata/aligned/GGAGAGTTCGATACTG.bam
reading bam file: /home/bioit/mhecke/anaconda3/envs/smartSim/lib/R/library/smartSim/extdata/aligned/AAGAGACGCGAATTGG.bam
reading bam file: /home/bioit/mhecke/anaconda3/envs/smartSim/lib/R/library/smartSim/extdata/aligned/TGACCAAGGGCCTATA.bam
reading bam file: /home/bioit/mhecke/anaconda3/envs/smartSim/lib/R/library/smartSim/extdata/aligned/GGTCTCAACGATACTG.bam
reading bam file: /home/bioit/mhecke/anaconda3/envs/smartSim/lib/R/library/smartSim/extdata/aligned/TTGGAACCCGGTTGTT.bam
reading bam file: /home/bioit/mhecke/anaconda3/envs/smartSim/lib/R/library/smartSim/extdata/aligned/CTCAACAGCGGTTGTT.bam
reading bam file: /home/bioit/mhecke/anaconda3/envs/smartSim/lib/R/library/smartSim/extdata/aligned/TGACCAAGCAAGAGGT.bam
reading bam file: /home/bioit/mhecke/anaconda3/envs/smartSim/lib/R/library/smartSim/extdata/aligned/CAACCTCACCAATCCT.bam
reading bam file: /home/bioit/mhecke/anaconda3/envs/smartSim/lib/R/library/smartSim/extdata/aligned/TCCTTGCTGAGGTTAG.bam
reading bam file: /home/bioit/mhecke/anaconda3/envs/smartSim/lib/R/library/smartSim/extdata/aligned/TCCAAGTCCATGCTTC.bam
reading bam file: /home/bioit/mhecke/anaconda3/envs/smartSim/lib/R/library/smartSim/extdata/aligned/TACCGATGCGATACTG.bam
reading bam file: /home/bioit/mhecke/anaconda3/envs/smartSim/lib/R/library/smartSim/extdata/aligned/TTGGAACCCCATCCAA.bam
reading bam file: /home/bioit/mhecke/anaconda3/envs/smartSim/lib/R/library/smartSim/extdata/aligned/TCCTTGCTCATGCTTC.bam
reading bam file: /home/bioit/mhecke/anaconda3/envs/smartSim/lib/R/library/smartSim/extdata/aligned/GCATGTCTCCATCCAA.bam
reading bam file: /home/bioit/mhecke/anaconda3/envs/smartSim/lib/R/library/smartSim/extdata/aligned/AAGCCGTTCAAGAGGT.bam
reading bam file: /home/bioit/mhecke/anaconda3/envs/smartSim/lib/R/library/smartSim/extdata/aligned/AAGAGACGGAGGTTAG.bam
reading bam file: /home/bioit/mhecke/anaconda3/envs/smartSim/lib/R/library/smartSim/extdata/aligned/CAACCTCAGAGGTTAG.bam
reading bam file: /home/bioit/mhecke/anaconda3/envs/smartSim/lib/R/library/smartSim/extdata/aligned/AAGCCGTTGGCCTATA.bam
reading bam file: /home/bioit/mhecke/anaconda3/envs/smartSim/lib/R/library/smartSim/extdata/aligned/TCCTTGCTCCACATAG.bam
reading bam file: /home/bioit/mhecke/anaconda3/envs/smartSim/lib/R/library/smartSim/extdata/aligned/GGAGAGTTGGCGTTAA.bam
reading bam file: /home/bioit/mhecke/anaconda3/envs/smartSim/lib/R/library/smartSim/extdata/aligned/TCCTTGCTGGCGTTAA.bam
reading bam file: /home/bioit/mhecke/anaconda3/envs/smartSim/lib/R/library/smartSim/extdata/aligned/GGTCTCAAGGCGTTAA.bam
reading bam file: /home/bioit/mhecke/anaconda3/envs/smartSim/lib/R/library/smartSim/extdata/aligned/TCCTTGCTGGCCTATA.bam
reading bam file: /home/bioit/mhecke/anaconda3/envs/smartSim/lib/R/library/smartSim/extdata/aligned/CAACCTCACCATCCAA.bam
reading bam file: /home/bioit/mhecke/anaconda3/envs/smartSim/lib/R/library/smartSim/extdata/aligned/TTGGAACCCAATGGAC.bam
reading bam file: /home/bioit/mhecke/anaconda3/envs/smartSim/lib/R/library/smartSim/extdata/aligned/TCCTTGCTCAGATTCG.bam
reading bam file: /home/bioit/mhecke/anaconda3/envs/smartSim/lib/R/library/smartSim/extdata/aligned/CTCAACAGCAATGGAC.bam
reading bam file: /home/bioit/mhecke/anaconda3/envs/smartSim/lib/R/library/smartSim/extdata/aligned/GGAGAGTTGGAGTAAC.bam
reading bam file: /home/bioit/mhecke/anaconda3/envs/smartSim/lib/R/library/smartSim/extdata/aligned/GGAGAGTTGAGAAGGA.bam
reading bam file: /home/bioit/mhecke/anaconda3/envs/smartSim/lib/R/library/smartSim/extdata/aligned/TCCAAGTCGGAGTAAC.bam
reading bam file: /home/bioit/mhecke/anaconda3/envs/smartSim/lib/R/library/smartSim/extdata/aligned/TCCAAGTCCGGTTGTT.bam
reading bam file: /home/bioit/mhecke/anaconda3/envs/smartSim/lib/R/library/smartSim/extdata/aligned/AAGCCGTTCGATACTG.bam
reading bam file: /home/bioit/mhecke/anaconda3/envs/smartSim/lib/R/library/smartSim/extdata/aligned/TCCAAGTCCCATCCAA.bam
reading bam file: /home/bioit/mhecke/anaconda3/envs/smartSim/lib/R/library/smartSim/extdata/aligned/AAGAGACGGGCCTATA.bam
reading bam file: /home/bioit/mhecke/anaconda3/envs/smartSim/lib/R/library/smartSim/extdata/aligned/CTCAACAGCATGCTTC.bam
reading bam file: /home/bioit/mhecke/anaconda3/envs/smartSim/lib/R/library/smartSim/extdata/aligned/GGTCTCAACCATCCAA.bam
reading bam file: /home/bioit/mhecke/anaconda3/envs/smartSim/lib/R/library/smartSim/extdata/aligned/AAGAGACGCAAGAGGT.bam
reading bam file: /home/bioit/mhecke/anaconda3/envs/smartSim/lib/R/library/smartSim/extdata/aligned/CTCAACAGGAACCTGT.bam
reading bam file: /home/bioit/mhecke/anaconda3/envs/smartSim/lib/R/library/smartSim/extdata/aligned/CAACCTCACGGTTGTT.bam
reading bam file: /home/bioit/mhecke/anaconda3/envs/smartSim/lib/R/library/smartSim/extdata/aligned/CAACCTCAGGAGTAAC.bam
reading bam file: /home/bioit/mhecke/anaconda3/envs/smartSim/lib/R/library/smartSim/extdata/aligned/CTCAACAGCCAATCCT.bam
reading bam file: /home/bioit/mhecke/anaconda3/envs/smartSim/lib/R/library/smartSim/extdata/aligned/AAGAGACGGGAGTAAC.bam
reading bam file: /home/bioit/mhecke/anaconda3/envs/smartSim/lib/R/library/smartSim/extdata/aligned/AAGAGACGCGGTTGTT.bam
reading bam file: /home/bioit/mhecke/anaconda3/envs/smartSim/lib/R/library/smartSim/extdata/aligned/CTCAACAGGGCCTATA.bam
reading bam file: /home/bioit/mhecke/anaconda3/envs/smartSim/lib/R/library/smartSim/extdata/aligned/CAACCTCAGAACCTGT.bam
reading bam file: /home/bioit/mhecke/anaconda3/envs/smartSim/lib/R/library/smartSim/extdata/aligned/TACCGATGCCAATCCT.bam
reading bam file: /home/bioit/mhecke/anaconda3/envs/smartSim/lib/R/library/smartSim/extdata/aligned/TTGGAACCCAAGAGGT.bam
reading bam file: /home/bioit/mhecke/anaconda3/envs/smartSim/lib/R/library/smartSim/extdata/aligned/CAACCTCACATGCTTC.bam
reading bam file: /home/bioit/mhecke/anaconda3/envs/smartSim/lib/R/library/smartSim/extdata/aligned/TACCGATGGAACCTGT.bam
reading bam file: /home/bioit/mhecke/anaconda3/envs/smartSim/lib/R/library/smartSim/extdata/aligned/GCATGTCTCGGTTGTT.bam
reading bam file: /home/bioit/mhecke/anaconda3/envs/smartSim/lib/R/library/smartSim/extdata/aligned/TCCAAGTCCAATGGAC.bam
reading bam file: /home/bioit/mhecke/anaconda3/envs/smartSim/lib/R/library/smartSim/extdata/aligned/TCCTTGCTCGATACTG.bam
reading bam file: /home/bioit/mhecke/anaconda3/envs/smartSim/lib/R/library/smartSim/extdata/aligned/GGAGAGTTGAGGTTAG.bam
reading bam file: /home/bioit/mhecke/anaconda3/envs/smartSim/lib/R/library/smartSim/extdata/aligned/GCATGTCTGAGAAGGA.bam
reading bam file: /home/bioit/mhecke/anaconda3/envs/smartSim/lib/R/library/smartSim/extdata/aligned/CTCAACAGGGAGTAAC.bam
reading bam file: /home/bioit/mhecke/anaconda3/envs/smartSim/lib/R/library/smartSim/extdata/aligned/GGTCTCAACAATGGAC.bam
reading bam file: /home/bioit/mhecke/anaconda3/envs/smartSim/lib/R/library/smartSim/extdata/aligned/TCCTTGCTCAATGGAC.bam
reading bam file: /home/bioit/mhecke/anaconda3/envs/smartSim/lib/R/library/smartSim/extdata/aligned/AAGCCGTTCGGTTGTT.bam
reading bam file: /home/bioit/mhecke/anaconda3/envs/smartSim/lib/R/library/smartSim/extdata/aligned/CTCAACAGCCATCCAA.bam
reading bam file: /home/bioit/mhecke/anaconda3/envs/smartSim/lib/R/library/smartSim/extdata/aligned/AAGCCGTTCAGATTCG.bam
reading bam file: /home/bioit/mhecke/anaconda3/envs/smartSim/lib/R/library/smartSim/extdata/aligned/GGTCTCAACATGCTTC.bam
reading bam file: /home/bioit/mhecke/anaconda3/envs/smartSim/lib/R/library/smartSim/extdata/aligned/GGAGAGTTCATGCTTC.bam
reading bam file: /home/bioit/mhecke/anaconda3/envs/smartSim/lib/R/library/smartSim/extdata/aligned/TCCAAGTCCCAATCCT.bam
reading bam file: /home/bioit/mhecke/anaconda3/envs/smartSim/lib/R/library/smartSim/extdata/aligned/AAGAGACGCAATGGAC.bam
reading bam file: /home/bioit/mhecke/anaconda3/envs/smartSim/lib/R/library/smartSim/extdata/aligned/GGTCTCAACCAATCCT.bam
reading bam file: /home/bioit/mhecke/anaconda3/envs/smartSim/lib/R/library/smartSim/extdata/aligned/GGAGAGTTCGAATTGG.bam
reading bam file: /home/bioit/mhecke/anaconda3/envs/smartSim/lib/R/library/smartSim/extdata/aligned/TCCTTGCTCGAATTGG.bam
reading bam file: /home/bioit/mhecke/anaconda3/envs/smartSim/lib/R/library/smartSim/extdata/aligned/AAGAGACGCCATCCAA.bam
reading bam file: /home/bioit/mhecke/anaconda3/envs/smartSim/lib/R/library/smartSim/extdata/aligned/TCCTTGCTCAAGAGGT.bam
reading bam file: /home/bioit/mhecke/anaconda3/envs/smartSim/lib/R/library/smartSim/extdata/aligned/TGACCAAGGAGGTTAG.bam
reading bam file: /home/bioit/mhecke/anaconda3/envs/smartSim/lib/R/library/smartSim/extdata/aligned/AAGCCGTTCGAATTGG.bam
reading bam file: /home/bioit/mhecke/anaconda3/envs/smartSim/lib/R/library/smartSim/extdata/aligned/GGTCTCAAGGCCTATA.bam
reading bam file: /home/bioit/mhecke/anaconda3/envs/smartSim/lib/R/library/smartSim/extdata/aligned/GGAGAGTTCGGTTGTT.bam
reading bam file: /home/bioit/mhecke/anaconda3/envs/smartSim/lib/R/library/smartSim/extdata/aligned/TTGGAACCGAGGTTAG.bam
reading bam file: /home/bioit/mhecke/anaconda3/envs/smartSim/lib/R/library/smartSim/extdata/aligned/CTCAACAGGAGGTTAG.bam
reading bam file: /home/bioit/mhecke/anaconda3/envs/smartSim/lib/R/library/smartSim/extdata/aligned/GGTCTCAACGGTTGTT.bam
reading bam file: /home/bioit/mhecke/anaconda3/envs/smartSim/lib/R/library/smartSim/extdata/aligned/TTGGAACCCGATACTG.bam
reading bam file: /home/bioit/mhecke/anaconda3/envs/smartSim/lib/R/library/smartSim/extdata/aligned/CTCAACAGCGATACTG.bam
reading bam file: /home/bioit/mhecke/anaconda3/envs/smartSim/lib/R/library/smartSim/extdata/aligned/AAGCCGTTCATGCTTC.bam
reading bam file: /home/bioit/mhecke/anaconda3/envs/smartSim/lib/R/library/smartSim/extdata/aligned/CAACCTCACAAGAGGT.bam
reading bam file: /home/bioit/mhecke/anaconda3/envs/smartSim/lib/R/library/smartSim/extdata/aligned/TACCGATGGGAGTAAC.bam
reading bam file: /home/bioit/mhecke/anaconda3/envs/smartSim/lib/R/library/smartSim/extdata/aligned/TTGGAACCCATGCTTC.bam
reading bam file: /home/bioit/mhecke/anaconda3/envs/smartSim/lib/R/library/smartSim/extdata/aligned/GCATGTCTGAACCTGT.bam
reading bam file: /home/bioit/mhecke/anaconda3/envs/smartSim/lib/R/library/smartSim/extdata/aligned/TCCTTGCTCCATCCAA.bam
reading bam file: /home/bioit/mhecke/anaconda3/envs/smartSim/lib/R/library/smartSim/extdata/aligned/TTGGAACCGAACCTGT.bam
reading bam file: /home/bioit/mhecke/anaconda3/envs/smartSim/lib/R/library/smartSim/extdata/aligned/GCATGTCTCATGCTTC.bam
reading bam file: /home/bioit/mhecke/anaconda3/envs/smartSim/lib/R/library/smartSim/extdata/aligned/TTGGAACCCCACATAG.bam
reading bam file: /home/bioit/mhecke/anaconda3/envs/smartSim/lib/R/library/smartSim/extdata/aligned/CAACCTCACAGATTCG.bam
reading bam file: /home/bioit/mhecke/anaconda3/envs/smartSim/lib/R/library/smartSim/extdata/aligned/TACCGATGCAAGAGGT.bam
reading bam file: /home/bioit/mhecke/anaconda3/envs/smartSim/lib/R/library/smartSim/extdata/aligned/AAGAGACGCAGATTCG.bam
reading bam file: /home/bioit/mhecke/anaconda3/envs/smartSim/lib/R/library/smartSim/extdata/aligned/TGACCAAGGAACCTGT.bam
reading bam file: /home/bioit/mhecke/anaconda3/envs/smartSim/lib/R/library/smartSim/extdata/aligned/GCATGTCTCAAGAGGT.bam
reading bam file: /home/bioit/mhecke/anaconda3/envs/smartSim/lib/R/library/smartSim/extdata/aligned/AAGAGACGCATGCTTC.bam
reading bam file: /home/bioit/mhecke/anaconda3/envs/smartSim/lib/R/library/smartSim/extdata/aligned/TGACCAAGCAGATTCG.bam
reading bam file: /home/bioit/mhecke/anaconda3/envs/smartSim/lib/R/library/smartSim/extdata/aligned/TTGGAACCGGCGTTAA.bam
reading bam file: /home/bioit/mhecke/anaconda3/envs/smartSim/lib/R/library/smartSim/extdata/aligned/TGACCAAGCGGTTGTT.bam
reading bam file: /home/bioit/mhecke/anaconda3/envs/smartSim/lib/R/library/smartSim/extdata/aligned/TTGGAACCGAGAAGGA.bam
reading bam file: /home/bioit/mhecke/anaconda3/envs/smartSim/lib/R/library/smartSim/extdata/aligned/CTCAACAGGAGAAGGA.bam
reading bam file: /home/bioit/mhecke/anaconda3/envs/smartSim/lib/R/library/smartSim/extdata/aligned/TCCAAGTCGAGGTTAG.bam
reading bam file: /home/bioit/mhecke/anaconda3/envs/smartSim/lib/R/library/smartSim/extdata/aligned/GCATGTCTGGAGTAAC.bam
reading bam file: /home/bioit/mhecke/anaconda3/envs/smartSim/lib/R/library/smartSim/extdata/aligned/CAACCTCACCACATAG.bam
reading bam file: /home/bioit/mhecke/anaconda3/envs/smartSim/lib/R/library/smartSim/extdata/aligned/CAACCTCACGAATTGG.bam
reading bam file: /home/bioit/mhecke/anaconda3/envs/smartSim/lib/R/library/smartSim/extdata/aligned/CTCAACAGCAGATTCG.bam
reading bam file: /home/bioit/mhecke/anaconda3/envs/smartSim/lib/R/library/smartSim/extdata/aligned/TTGGAACCCAGATTCG.bam
reading bam file: /home/bioit/mhecke/anaconda3/envs/smartSim/lib/R/library/smartSim/extdata/aligned/TGACCAAGGGCGTTAA.bam
reading bam file: /home/bioit/mhecke/anaconda3/envs/smartSim/lib/R/library/smartSim/extdata/aligned/GGTCTCAAGAACCTGT.bam
reading bam file: /home/bioit/mhecke/anaconda3/envs/smartSim/lib/R/library/smartSim/extdata/aligned/AAGCCGTTGGAGTAAC.bam
reading bam file: /home/bioit/mhecke/anaconda3/envs/smartSim/lib/R/library/smartSim/extdata/aligned/AAGCCGTTGAGAAGGA.bam
reading bam file: /home/bioit/mhecke/anaconda3/envs/smartSim/lib/R/library/smartSim/extdata/aligned/TACCGATGGAGGTTAG.bam
reading bam file: /home/bioit/mhecke/anaconda3/envs/smartSim/lib/R/library/smartSim/extdata/aligned/TGACCAAGCCATCCAA.bam
reading bam file: /home/bioit/mhecke/anaconda3/envs/smartSim/lib/R/library/smartSim/extdata/aligned/TCCAAGTCCGAATTGG.bam
reading bam file: /home/bioit/mhecke/anaconda3/envs/smartSim/lib/R/library/smartSim/extdata/aligned/CAACCTCACAATGGAC.bam
reading bam file: /home/bioit/mhecke/anaconda3/envs/smartSim/lib/R/library/smartSim/extdata/aligned/TCCTTGCTCCAATCCT.bam
reading bam file: /home/bioit/mhecke/anaconda3/envs/smartSim/lib/R/library/smartSim/extdata/aligned/GGTCTCAACCACATAG.bam
reading bam file: /home/bioit/mhecke/anaconda3/envs/smartSim/lib/R/library/smartSim/extdata/aligned/AAGAGACGCGATACTG.bam
reading bam file: /home/bioit/mhecke/anaconda3/envs/smartSim/lib/R/library/smartSim/extdata/aligned/GGTCTCAACAAGAGGT.bam
reading bam file: /home/bioit/mhecke/anaconda3/envs/smartSim/lib/R/library/smartSim/extdata/aligned/TGACCAAGCAATGGAC.bam
reading bam file: /home/bioit/mhecke/anaconda3/envs/smartSim/lib/R/library/smartSim/extdata/aligned/GGAGAGTTGGCCTATA.bam
reading bam file: /home/bioit/mhecke/anaconda3/envs/smartSim/lib/R/library/smartSim/extdata/aligned/AAGCCGTTCCAATCCT.bam
reading bam file: /home/bioit/mhecke/anaconda3/envs/smartSim/lib/R/library/smartSim/extdata/aligned/TGACCAAGCGATACTG.bam
reading bam file: /home/bioit/mhecke/anaconda3/envs/smartSim/lib/R/library/smartSim/extdata/aligned/GGTCTCAAGGAGTAAC.bam
reading bam file: /home/bioit/mhecke/anaconda3/envs/smartSim/lib/R/library/smartSim/extdata/aligned/GCATGTCTCGATACTG.bam
reading bam file: /home/bioit/mhecke/anaconda3/envs/smartSim/lib/R/library/smartSim/extdata/aligned/AAGCCGTTGAACCTGT.bam
reading bam file: /home/bioit/mhecke/anaconda3/envs/smartSim/lib/R/library/smartSim/extdata/aligned/TCCTTGCTCGGTTGTT.bam
reading bam file: /home/bioit/mhecke/anaconda3/envs/smartSim/lib/R/library/smartSim/extdata/aligned/GCATGTCTGAGGTTAG.bam
reading bam file: /home/bioit/mhecke/anaconda3/envs/smartSim/lib/R/library/smartSim/extdata/aligned/TACCGATGCCATCCAA.bam
reading bam file: /home/bioit/mhecke/anaconda3/envs/smartSim/lib/R/library/smartSim/extdata/aligned/GGTCTCAAGAGAAGGA.bam
reading bam file: /home/bioit/mhecke/anaconda3/envs/smartSim/lib/R/library/smartSim/extdata/aligned/TACCGATGCAGATTCG.bam
reading bam file: /home/bioit/mhecke/anaconda3/envs/smartSim/lib/R/library/smartSim/extdata/aligned/TGACCAAGCCACATAG.bam
reading bam file: /home/bioit/mhecke/anaconda3/envs/smartSim/lib/R/library/smartSim/extdata/aligned/TGACCAAGCGAATTGG.bam
reading bam file: /home/bioit/mhecke/anaconda3/envs/smartSim/lib/R/library/smartSim/extdata/aligned/AAGCCGTTGAGGTTAG.bam
reading bam file: /home/bioit/mhecke/anaconda3/envs/smartSim/lib/R/library/smartSim/extdata/aligned/TACCGATGGAGAAGGA.bam
reading bam file: /home/bioit/mhecke/anaconda3/envs/smartSim/lib/R/library/smartSim/extdata/aligned/GGAGAGTTCCATCCAA.bam
reading bam file: /home/bioit/mhecke/anaconda3/envs/smartSim/lib/R/library/smartSim/extdata/aligned/CTCAACAGCGAATTGG.bam
reading bam file: /home/bioit/mhecke/anaconda3/envs/smartSim/lib/R/library/smartSim/extdata/aligned/TTGGAACCCGAATTGG.bam
reading bam file: /home/bioit/mhecke/anaconda3/envs/smartSim/lib/R/library/smartSim/extdata/aligned/TACCGATGGGCGTTAA.bam
reading bam file: /home/bioit/mhecke/anaconda3/envs/smartSim/lib/R/library/smartSim/extdata/aligned/GCATGTCTCGAATTGG.bam
reading bam file: /home/bioit/mhecke/anaconda3/envs/smartSim/lib/R/library/smartSim/extdata/aligned/CAACCTCAGAGAAGGA.bam
reading bam file: /home/bioit/mhecke/anaconda3/envs/smartSim/lib/R/library/smartSim/extdata/aligned/TACCGATGGGCCTATA.bam
reading bam file: /home/bioit/mhecke/anaconda3/envs/smartSim/lib/R/library/smartSim/extdata/aligned/TTGGAACCGGCCTATA.bam
reading bam file: /home/bioit/mhecke/anaconda3/envs/smartSim/lib/R/library/smartSim/extdata/aligned/TGACCAAGGGAGTAAC.bam
reading bam file: /home/bioit/mhecke/anaconda3/envs/smartSim/lib/R/library/smartSim/extdata/aligned/CTCAACAGCAAGAGGT.bam
reading bam file: /home/bioit/mhecke/anaconda3/envs/smartSim/lib/R/library/smartSim/extdata/aligned/CTCAACAGGGCGTTAA.bam
reading bam file: /home/bioit/mhecke/anaconda3/envs/smartSim/lib/R/library/smartSim/extdata/aligned/TACCGATGCGAATTGG.bam
reading bam file: /home/bioit/mhecke/anaconda3/envs/smartSim/lib/R/library/smartSim/extdata/aligned/AAGAGACGCCAATCCT.bam
reading bam file: /home/bioit/mhecke/anaconda3/envs/smartSim/lib/R/library/smartSim/extdata/aligned/AAGAGACGCCACATAG.bam
reading bam file: /home/bioit/mhecke/anaconda3/envs/smartSim/lib/R/library/smartSim/extdata/aligned/GCATGTCTCAGATTCG.bam
reading bam file: /home/bioit/mhecke/anaconda3/envs/smartSim/lib/R/library/smartSim/extdata/aligned/TACCGATGCATGCTTC.bam
reading bam file: /home/bioit/mhecke/anaconda3/envs/smartSim/lib/R/library/smartSim/extdata/aligned/GGAGAGTTCAATGGAC.bam
reading bam file: /home/bioit/mhecke/anaconda3/envs/smartSim/lib/R/library/smartSim/extdata/aligned/TCCAAGTCCGATACTG.bam
reading bam file: /home/bioit/mhecke/anaconda3/envs/smartSim/lib/R/library/smartSim/extdata/aligned/TTGGAACCGGAGTAAC.bam
reading bam file: /home/bioit/mhecke/anaconda3/envs/smartSim/lib/R/library/smartSim/extdata/aligned/GGTCTCAAGAGGTTAG.bam
reading bam file: /home/bioit/mhecke/anaconda3/envs/smartSim/lib/R/library/smartSim/extdata/aligned/AAGCCGTTCCATCCAA.bam
